// Jest Snapshot v1, https://goo.gl/fbAQLP

exports[`BasitToast have been test 1`] = `
<div
  className="basit-toast basit-toast__success basit-toast__success show"
>
  <svg
    fill="none"
    height="25"
    viewBox="0 0 25 25"
    width="25"
    xmlns="http://www.w3.org/2000/svg"
  >
    <path
      d="M12.5 0C5.60757 0 0 5.60757 0 12.5C0 19.3924 5.60757 25 12.5 25C19.3924 25 25 19.3924 25 12.5C25 5.60757 19.3924 0 12.5 0ZM10.2163 18.7728L5.3726 13.39L6.80228 12.1034L10.1677 15.8425L18.149 6.33774L19.6238 7.57211L10.2163 18.7728Z"
      fill="white"
    />
  </svg>
  <p
    className="basit-toast-title"
  >
    Hello
  </p>
</div>
`;
